> impJ2R1 <- RefBasedMI(data=asthma,
+                       covar=c("base","base2"),
+                       depvar=fev,
+                    .... [TRUNCATED] 
   

Summary of missing data pattern by treat:

   pattern treat patients fev.2.miss fev.4.miss fev.8.miss fev.12.miss
1        0     3       28          0          0          0           0
2        7     3        1          1          1          1           0
3        8     3       11          0          0          0           1
4       12     3       16          0          0          1           1
5       14     3       12          0          1          1           1
6        0     2       51          0          0          0           0
7        8     2        6          0          0          0           1
8       12     2        6          0          0          1           1
9       14     2        2          0          1          1           1
10       0     1       29          0          0          0           0
11       4     1        1          0          0          1           0
12       8     1        6          0          0          0           1
13      12     1        8          0          0          1           1
14      13     1        1          1          0          1           1
15      14     1        5          0          1          1           1

Fitting multivariate normal model by treat:
 
treat = 1
performing mcmcNorm for m = 1 to 2
mcmcNorm Loop finished.

treat = 2
performing mcmcNorm for m = 1 to 2
mcmcNorm Loop finished.

treat = 3
performing mcmcNorm for m = 1 to 2
mcmcNorm Loop finished.


Number of original missing values = 147

Imputing interim missing values under MAR:

treat  =  1 pattern =  7 number patients =  1 
treat  =  3 pattern =  4 number patients =  1 

Number of post-discontinuation missing values = 142

Imputing post-discontinuation missing values under J2R:

treat  =  3 pattern =  0 number patients =  29 
treat  =  3 pattern =  8 number patients =  11 
treat  =  3 pattern =  12 number patients =  16 
treat  =  3 pattern =  14 number patients =  12 
treat  =  2 pattern =  0 number patients =  51 
treat  =  2 pattern =  8 number patients =  6 
treat  =  2 pattern =  12 number patients =  6 
treat  =  2 pattern =  14 number patients =  2 
treat  =  1 pattern =  0 number patients =  30 
treat  =  1 pattern =  8 number patients =  6 
treat  =  1 pattern =  12 number patients =  9 
treat  =  1 pattern =  14 number patients =  5 


Number of final missing values = 0
> J2R1<-impJ2R1 %>% filter(treat==1) %>% filter(.imp>0) %>% select(-treat)

> # TEST: J2R1 should = MAR in reference group
> test$J2R1eqMAR <- max(abs(J2R1-MAR1))==0

> # CR
> impCR1 <- RefBasedMI(data=asthma,
+                covar=c("base","base2"),
+                depvar=fev,
+                treatvar=treat,
+   .... [TRUNCATED] 
   

Summary of missing data pattern by treat:

   pattern treat patients fev.2.miss fev.4.miss fev.8.miss fev.12.miss
1        0     3       28          0          0          0           0
2        7     3        1          1          1          1           0
3        8     3       11          0          0          0           1
4       12     3       16          0          0          1           1
5       14     3       12          0          1          1           1
6        0     2       51          0          0          0           0
7        8     2        6          0          0          0           1
8       12     2        6          0          0          1           1
9       14     2        2          0          1          1           1
10       0     1       29          0          0          0           0
11       4     1        1          0          0          1           0
12       8     1        6          0          0          0           1
13      12     1        8          0          0          1           1
14      13     1        1          1          0          1           1
15      14     1        5          0          1          1           1

Fitting multivariate normal model by treat:
 
treat = 1
performing mcmcNorm for m = 1 to 2
mcmcNorm Loop finished.

treat = 2
performing mcmcNorm for m = 1 to 2
mcmcNorm Loop finished.

treat = 3
performing mcmcNorm for m = 1 to 2
mcmcNorm Loop finished.


Number of original missing values = 147

Imputing interim missing values under MAR:

treat  =  1 pattern =  7 number patients =  1 
treat  =  3 pattern =  4 number patients =  1 

Number of post-discontinuation missing values = 142

Imputing post-discontinuation missing values under CR:

treat  =  3 pattern =  0 number patients =  29 
treat  =  3 pattern =  8 number patients =  11 
treat  =  3 pattern =  12 number patients =  16 
treat  =  3 pattern =  14 number patients =  12 
treat  =  2 pattern =  0 number patients =  51 
treat  =  2 pattern =  8 number patients =  6 
treat  =  2 pattern =  12 number patients =  6 
treat  =  2 pattern =  14 number patients =  2 
treat  =  1 pattern =  0 number patients =  30 
treat  =  1 pattern =  8 number patients =  6 
treat  =  1 pattern =  12 number patients =  9 
treat  =  1 pattern =  14 number patients =  5 


Number of final missing values = 0
> CR1<-impCR1 %>% filter(treat==1) %>% filter(.imp>0) %>% select(-treat)

> # TEST: CR1 should = MAR in reference group
> test$CR1eqMAR <- max(abs(CR1-MAR1))==0

> # CIR
> impCIR1 <- RefBasedMI(data=asthma,
+                      covar=c("base","base2"),
+                      depvar=fev,
+                      .... [TRUNCATED] 
   

Summary of missing data pattern by treat:

   pattern treat patients fev.2.miss fev.4.miss fev.8.miss fev.12.miss
1        0     3       28          0          0          0           0
2        7     3        1          1          1          1           0
3        8     3       11          0          0          0           1
4       12     3       16          0          0          1           1
5       14     3       12          0          1          1           1
6        0     2       51          0          0          0           0
7        8     2        6          0          0          0           1
8       12     2        6          0          0          1           1
9       14     2        2          0          1          1           1
10       0     1       29          0          0          0           0
11       4     1        1          0          0          1           0
12       8     1        6          0          0          0           1
13      12     1        8          0          0          1           1
14      13     1        1          1          0          1           1
15      14     1        5          0          1          1           1

Fitting multivariate normal model by treat:
 
treat = 1
performing mcmcNorm for m = 1 to 2
mcmcNorm Loop finished.

treat = 2
performing mcmcNorm for m = 1 to 2
mcmcNorm Loop finished.

treat = 3
performing mcmcNorm for m = 1 to 2
mcmcNorm Loop finished.


Number of original missing values = 147

Imputing interim missing values under MAR:

treat  =  1 pattern =  7 number patients =  1 
treat  =  3 pattern =  4 number patients =  1 

Number of post-discontinuation missing values = 142

Imputing post-discontinuation missing values under CIR:

treat  =  3 pattern =  0 number patients =  29 
treat  =  3 pattern =  8 number patients =  11 
treat  =  3 pattern =  12 number patients =  16 
treat  =  3 pattern =  14 number patients =  12 
treat  =  2 pattern =  0 number patients =  51 
treat  =  2 pattern =  8 number patients =  6 
treat  =  2 pattern =  12 number patients =  6 
treat  =  2 pattern =  14 number patients =  2 
treat  =  1 pattern =  0 number patients =  30 
treat  =  1 pattern =  8 number patients =  6 
treat  =  1 pattern =  12 number patients =  9 
treat  =  1 pattern =  14 number patients =  5 


Number of final missing values = 0
> CIR1<-impCIR1 %>% filter(treat==1) %>% filter(.imp>0) %>% select(-treat)

> # TEST: CIR1 should = MAR in reference group
> test$CIR1eqMAR <- max(abs(CIR1-MAR1))<1E-12

> #####################################################################
> # same again with reference = active
> ##################################### .... [TRUNCATED] 
   

Summary of missing data pattern by treat:

   pattern treat patients fev.2.miss fev.4.miss fev.8.miss fev.12.miss
1        0     3       28          0          0          0           0
2        7     3        1          1          1          1           0
3        8     3       11          0          0          0           1
4       12     3       16          0          0          1           1
5       14     3       12          0          1          1           1
6        0     2       51          0          0          0           0
7        8     2        6          0          0          0           1
8       12     2        6          0          0          1           1
9       14     2        2          0          1          1           1
10       0     1       29          0          0          0           0
11       4     1        1          0          0          1           0
12       8     1        6          0          0          0           1
13      12     1        8          0          0          1           1
14      13     1        1          1          0          1           1
15      14     1        5          0          1          1           1

Fitting multivariate normal model by treat:
 
treat = 1
performing mcmcNorm for m = 1 to 2
mcmcNorm Loop finished.

treat = 2
performing mcmcNorm for m = 1 to 2
mcmcNorm Loop finished.

treat = 3
performing mcmcNorm for m = 1 to 2
mcmcNorm Loop finished.


Number of original missing values = 147

Imputing interim missing values under MAR:

treat  =  1 pattern =  7 number patients =  1 
treat  =  3 pattern =  4 number patients =  1 

Number of post-discontinuation missing values = 142

Imputing post-discontinuation missing values under J2R:

treat  =  3 pattern =  0 number patients =  29 
treat  =  3 pattern =  8 number patients =  11 
treat  =  3 pattern =  12 number patients =  16 
treat  =  3 pattern =  14 number patients =  12 
treat  =  2 pattern =  0 number patients =  51 
treat  =  2 pattern =  8 number patients =  6 
treat  =  2 pattern =  12 number patients =  6 
treat  =  2 pattern =  14 number patients =  2 
treat  =  1 pattern =  0 number patients =  30 
treat  =  1 pattern =  8 number patients =  6 
treat  =  1 pattern =  12 number patients =  9 
treat  =  1 pattern =  14 number patients =  5 


Number of final missing values = 0
> J2R2<-impJ2R2 %>% filter(treat==2) %>% filter(.imp>0) %>% select(-treat)

> # TEST: J2R1 should = MAR in reference group
> test$J2R2eqMAR <- max(abs(J2R2-MAR2))==0

> # CR
> impCR2 <- RefBasedMI(data=asthma,
+                      covar=c("base","base2"),
+                      depvar=fev,
+                      t .... [TRUNCATED] 
   

Summary of missing data pattern by treat:

   pattern treat patients fev.2.miss fev.4.miss fev.8.miss fev.12.miss
1        0     3       28          0          0          0           0
2        7     3        1          1          1          1           0
3        8     3       11          0          0          0           1
4       12     3       16          0          0          1           1
5       14     3       12          0          1          1           1
6        0     2       51          0          0          0           0
7        8     2        6          0          0          0           1
8       12     2        6          0          0          1           1
9       14     2        2          0          1          1           1
10       0     1       29          0          0          0           0
11       4     1        1          0          0          1           0
12       8     1        6          0          0          0           1
13      12     1        8          0          0          1           1
14      13     1        1          1          0          1           1
15      14     1        5          0          1          1           1

Fitting multivariate normal model by treat:
 
treat = 1
performing mcmcNorm for m = 1 to 2
mcmcNorm Loop finished.

treat = 2
performing mcmcNorm for m = 1 to 2
mcmcNorm Loop finished.

treat = 3
performing mcmcNorm for m = 1 to 2
mcmcNorm Loop finished.


Number of original missing values = 147

Imputing interim missing values under MAR:

treat  =  1 pattern =  7 number patients =  1 
treat  =  3 pattern =  4 number patients =  1 

Number of post-discontinuation missing values = 142

Imputing post-discontinuation missing values under CR:

treat  =  3 pattern =  0 number patients =  29 
treat  =  3 pattern =  8 number patients =  11 
treat  =  3 pattern =  12 number patients =  16 
treat  =  3 pattern =  14 number patients =  12 
treat  =  2 pattern =  0 number patients =  51 
treat  =  2 pattern =  8 number patients =  6 
treat  =  2 pattern =  12 number patients =  6 
treat  =  2 pattern =  14 number patients =  2 
treat  =  1 pattern =  0 number patients =  30 
treat  =  1 pattern =  8 number patients =  6 
treat  =  1 pattern =  12 number patients =  9 
treat  =  1 pattern =  14 number patients =  5 


Number of final missing values = 0
> CR2<-impCR2 %>% filter(treat==2) %>% filter(.imp>0) %>% select(-treat)

> # TEST: CR2 should = MAR in reference group
> test$CR2eqMAR <- max(abs(CR2-MAR2))==0

> # CIR
> impCIR2 <- RefBasedMI(data=asthma,
+                       covar=c("base","base2"),
+                       depvar=fev,
+                    .... [TRUNCATED] 
   

Summary of missing data pattern by treat:

   pattern treat patients fev.2.miss fev.4.miss fev.8.miss fev.12.miss
1        0     3       28          0          0          0           0
2        7     3        1          1          1          1           0
3        8     3       11          0          0          0           1
4       12     3       16          0          0          1           1
5       14     3       12          0          1          1           1
6        0     2       51          0          0          0           0
7        8     2        6          0          0          0           1
8       12     2        6          0          0          1           1
9       14     2        2          0          1          1           1
10       0     1       29          0          0          0           0
11       4     1        1          0          0          1           0
12       8     1        6          0          0          0           1
13      12     1        8          0          0          1           1
14      13     1        1          1          0          1           1
15      14     1        5          0          1          1           1

Fitting multivariate normal model by treat:
 
treat = 1
performing mcmcNorm for m = 1 to 2
mcmcNorm Loop finished.

treat = 2
performing mcmcNorm for m = 1 to 2
mcmcNorm Loop finished.

treat = 3
performing mcmcNorm for m = 1 to 2
mcmcNorm Loop finished.


Number of original missing values = 147

Imputing interim missing values under MAR:

treat  =  1 pattern =  7 number patients =  1 
treat  =  3 pattern =  4 number patients =  1 

Number of post-discontinuation missing values = 142

Imputing post-discontinuation missing values under CIR:

treat  =  3 pattern =  0 number patients =  29 
treat  =  3 pattern =  8 number patients =  11 
treat  =  3 pattern =  12 number patients =  16 
treat  =  3 pattern =  14 number patients =  12 
treat  =  2 pattern =  0 number patients =  51 
treat  =  2 pattern =  8 number patients =  6 
treat  =  2 pattern =  12 number patients =  6 
treat  =  2 pattern =  14 number patients =  2 
treat  =  1 pattern =  0 number patients =  30 
treat  =  1 pattern =  8 number patients =  6 
treat  =  1 pattern =  12 number patients =  9 
treat  =  1 pattern =  14 number patients =  5 


Number of final missing values = 0
> CIR2<-impCIR2 %>% filter(treat==2) %>% filter(.imp>0) %>% select(-treat)

> # TEST: CIR2 should = MAR in reference group
> test$CIR2eqMAR <- max(abs(CIR2-MAR2))<1E-12

> # TEST: no missing values after imputation
> test$nomiss <- sum(is.na(c(MAR1,MAR2, J2R1,J2R2,CR1,CR2,CIR1,CIR2)))==0

> # TEST: same sort order
> head(asthma)
    id time treat  base  fev    base2
1 5001    2     3 2.925 2870 8.555625
2 5001    4     3 2.925 2660 8.555625
3 5001    8     3 2.925 2690 8.555625
4 5001   12     3 2.925 2580 8.555625
5 5003    2     3 2.465 2610 6.076225
6 5003    4     3 2.465 2450 6.076225

> head(impCIR2 %>% filter(.imp==1))
    id time .imp  base     base2 treat  fev  .id
1 5001    2    1 2.925  8.555625     3 2870 5001
2 5003    2    1 2.465  6.076225     3 2610 5003
3 5007    2    1 2.600  6.760000     3 2740 5007
4 5009    2    1 3.370 11.356900     3 3010 5009
5 5012    2    1 2.830  8.008900     3 2630 5012
6 5015    2    1 1.825  3.330625     3 1910 5015

> test$sortorder=sum((asthma %>% select(id,time))==(impCIR2 %>% filter(.imp==1) %>% select(id,time)))==0

> #####################################################################
> ## show similar results (imputed values and treatment effect) 
> ## when use .... [TRUNCATED] 
   

Summary of missing data pattern by treat:

   pattern treat patients fev.2.miss fev.4.miss fev.8.miss fev.12.miss
1        0     3       28          0          0          0           0
2        7     3        1          1          1          1           0
3        8     3       11          0          0          0           1
4       12     3       16          0          0          1           1
5       14     3       12          0          1          1           1
6        0     2       51          0          0          0           0
7        8     2        6          0          0          0           1
8       12     2        6          0          0          1           1
9       14     2        2          0          1          1           1
10       0     1       29          0          0          0           0
11       4     1        1          0          0          1           0
12       8     1        6          0          0          0           1
13      12     1        8          0          0          1           1
14      13     1        1          1          0          1           1
15      14     1        5          0          1          1           1

Fitting multivariate normal model by treat:
 
treat = 1
performing mcmcNorm for m = 1 to 100
mcmcNorm Loop finished.

treat = 2
performing mcmcNorm for m = 1 to 100
mcmcNorm Loop finished.

treat = 3
performing mcmcNorm for m = 1 to 100
mcmcNorm Loop finished.


Number of original missing values = 147

Imputing interim missing values under MAR:

treat  =  1 pattern =  7 number patients =  1 
treat  =  3 pattern =  4 number patients =  1 

Number of post-discontinuation missing values = 142

Imputing post-discontinuation missing values under CIR:

treat  =  3 pattern =  0 number patients =  29 
treat  =  3 pattern =  8 number patients =  11 
treat  =  3 pattern =  12 number patients =  16 
treat  =  3 pattern =  14 number patients =  12 
treat  =  2 pattern =  0 number patients =  51 
treat  =  2 pattern =  8 number patients =  6 
treat  =  2 pattern =  12 number patients =  6 
treat  =  2 pattern =  14 number patients =  2 
treat  =  1 pattern =  0 number patients =  30 
treat  =  1 pattern =  8 number patients =  6 
treat  =  1 pattern =  12 number patients =  9 
treat  =  1 pattern =  14 number patients =  5 


Number of final missing values = 0
> # CIR
> impCIR2B <- RefBasedMI(data=asthma,
+                        covar=c("base","base2"),
+                        depvar=fev,
+                 .... [TRUNCATED] 
   

Summary of missing data pattern by treat:

   pattern treat patients fev.2.miss fev.4.miss fev.8.miss fev.12.miss
1        0     3       28          0          0          0           0
2        7     3        1          1          1          1           0
3        8     3       11          0          0          0           1
4       12     3       16          0          0          1           1
5       14     3       12          0          1          1           1
6        0     2       51          0          0          0           0
7        8     2        6          0          0          0           1
8       12     2        6          0          0          1           1
9       14     2        2          0          1          1           1
10       0     1       29          0          0          0           0
11       4     1        1          0          0          1           0
12       8     1        6          0          0          0           1
13      12     1        8          0          0          1           1
14      13     1        1          1          0          1           1
15      14     1        5          0          1          1           1

Fitting multivariate normal model by treat:
 
treat = 1
performing mcmcNorm for m = 1 to 100
mcmcNorm Loop finished.

treat = 2
performing mcmcNorm for m = 1 to 100
mcmcNorm Loop finished.

treat = 3
performing mcmcNorm for m = 1 to 100
mcmcNorm Loop finished.


Number of original missing values = 147

Imputing interim missing values under MAR:

treat  =  1 pattern =  7 number patients =  1 
treat  =  3 pattern =  4 number patients =  1 

Number of post-discontinuation missing values = 142

Imputing post-discontinuation missing values under CIR:

treat  =  3 pattern =  0 number patients =  29 
treat  =  3 pattern =  8 number patients =  11 
treat  =  3 pattern =  12 number patients =  16 
treat  =  3 pattern =  14 number patients =  12 
treat  =  2 pattern =  0 number patients =  51 
treat  =  2 pattern =  8 number patients =  6 
treat  =  2 pattern =  12 number patients =  6 
treat  =  2 pattern =  14 number patients =  2 
treat  =  1 pattern =  0 number patients =  30 
treat  =  1 pattern =  8 number patients =  6 
treat  =  1 pattern =  12 number patients =  9 
treat  =  1 pattern =  14 number patients =  5 


Number of final missing values = 0
> fitA <- pool(with(as.mids(impCIR2A %>% filter(time==12)), 
+                   lm(fev~as.factor(treat)+base+base2,subset=(time==12))
+               .... [TRUNCATED] 

> summary(fitA)
                term  estimate std.error  statistic        df    p.value
1        (Intercept) 598.63397 582.14631  1.0283222  96.73406 0.30636272
2 as.factor(treat).L 188.71797  94.31207  2.0009948 134.14268 0.04741096
3 as.factor(treat).Q -52.41449  90.41575 -0.5797053 131.83566 0.56310275
4               base 749.08434 564.20230  1.3276875 102.48499 0.18723110
5              base2 -20.20679 132.34523 -0.1526824 103.59998 0.87894569

> sqrt(fitA$pooled$b/fitA$pooled$m) # Monte Carlo errors
[1] 35.097903  4.155567  4.084828 32.693077  7.608321

> fitB <- pool(with(as.mids(impCIR2B %>% filter(time==12)), 
+                   lm(fev~as.factor(treat)+base+base2,subset=(time==12))
+               .... [TRUNCATED] 

> summary(fitB)
                term  estimate std.error  statistic       df    p.value
1        (Intercept) 550.28604 566.99668  0.9705278 102.6358 0.33406511
2 as.factor(treat).L 178.47115  95.35493  1.8716509 128.6430 0.06352592
3 as.factor(treat).Q -57.89683  89.45807 -0.6471951 134.2077 0.51861115
4               base 783.52134 548.55924  1.4283258 109.3599 0.15604787
5              base2 -25.15267 128.96872 -0.1950292 109.8821 0.84573023

> sqrt(fitB$pooled$b/fitB$pooled$m) # Monte Carlo errors
[1] 32.819961  4.451484  3.938840 30.229243  7.078920

> # Monte Carlo Z statistics for the differences between runs
> MCZ <- (fitB$pooled$estimate-fitA$pooled$estimate) / 
+   sqrt(fitA$pooled$b/fitA$pool .... [TRUNCATED] 

> MCZ
[1] -1.0061547 -1.6826468 -0.9661311  0.7733976 -0.4759225

> test$diffseed <- max(abs(MCZ))<3 & max(abs(MCZ))>0.1

> #####################################################################
> # interim missings should be imputed the same way by different methods
> # b .... [TRUNCATED] 

> intCIR2 <- impCIR2 %>% filter(.id==5051|.id==5115|.id==5333) %>% 
+   filter(.imp==1) %>% arrange(id,time)

> intorig <- asthma  %>% filter(id==5051|id==5115|id==5333) %>% arrange(id,time)

> summ <- intJ2R1 %>% select(id,time)

> summ$orig <- intorig$fev

> summ$J2R <-intJ2R1$fev 

> summ$CIR <-intCIR2$fev 

> summ$diff <-intJ2R1$fev-intCIR2$fev 

> summ
     id time orig        J2R       CIR      diff
1  5051    2   NA  517.18514  517.1851    0.0000
2  5051    4 1170 1170.00000 1170.0000    0.0000
3  5051    8   NA   52.92617  770.3998 -717.4736
4  5051   12   NA -481.21761  348.2547 -829.4723
5  5115    2 2100 2099.99990 2099.9999    0.0000
6  5115    4 2570 2569.99990 2569.9999    0.0000
7  5115    8   NA 2254.20741 2254.2074    0.0000
8  5115   12 2400 2400.00010 2400.0001    0.0000
9  5333    2   NA 1781.68194 1781.6819    0.0000
10 5333    4   NA 2201.37122 2201.3712    0.0000
11 5333    8   NA 1776.56294 1776.5629    0.0000
12 5333   12 1770 1770.00000 1770.0000    0.0000

> # 5051 at time 8, 12 are post-discontinuation -> should differ
> # all others are obs/interim -> should agree
> test$interim <- 
+ summ %>% filter(( .... [TRUNCATED] 

> test
  start J2R1eqMAR CR1eqMAR CIR1eqMAR J2R2eqMAR CR2eqMAR CIR2eqMAR nomiss sortorder diffseed interim
1  TRUE      TRUE     TRUE      TRUE      TRUE     TRUE      TRUE   TRUE     FALSE     TRUE    TRUE

> #####################################################################
> # Deltas
> ################################################################# .... [TRUNCATED] 
   

Summary of missing data pattern by treat:

   pattern treat patients fev.2.miss fev.4.miss fev.8.miss fev.12.miss
1        0     3       28          0          0          0           0
2        7     3        1          1          1          1           0
3        8     3       11          0          0          0           1
4       12     3       16          0          0          1           1
5       14     3       12          0          1          1           1
6        0     2       51          0          0          0           0
7        8     2        6          0          0          0           1
8       12     2        6          0          0          1           1
9       14     2        2          0          1          1           1
10       0     1       29          0          0          0           0
11       4     1        1          0          0          1           0
12       8     1        6          0          0          0           1
13      12     1        8          0          0          1           1
14      13     1        1          1          0          1           1
15      14     1        5          0          1          1           1

Fitting multivariate normal model by treat:
 
treat = 1
performing mcmcNorm for m = 1 to 2
mcmcNorm Loop finished.

treat = 2
performing mcmcNorm for m = 1 to 2
mcmcNorm Loop finished.

treat = 3
performing mcmcNorm for m = 1 to 2
mcmcNorm Loop finished.


Number of original missing values = 147

Imputing interim missing values under MAR:

treat  =  1 pattern =  7 number patients =  1 
treat  =  3 pattern =  4 number patients =  1 

Number of post-discontinuation missing values = 142

Imputing post-discontinuation missing values under CIR:

treat  =  3 pattern =  0 number patients =  29 
treat  =  3 pattern =  8 number patients =  11 
treat  =  3 pattern =  12 number patients =  16 
treat  =  3 pattern =  14 number patients =  12 
treat  =  2 pattern =  0 number patients =  51 
treat  =  2 pattern =  8 number patients =  6 
treat  =  2 pattern =  12 number patients =  6 
treat  =  2 pattern =  14 number patients =  2 
treat  =  1 pattern =  0 number patients =  30 
treat  =  1 pattern =  8 number patients =  6 
treat  =  1 pattern =  12 number patients =  9 
treat  =  1 pattern =  14 number patients =  5 


Number of final missing values = 0
> compare <- impCIR2 %>% 
+   inner_join(impCIRDELTA,by=c("id","time",".id",".imp","base","base2","treat")) %>% 
+   filter(.imp==1)

> compare$diff <- compare$fev.y-compare$fev.x

> compare %>% group_by(time) %>% summarise(meandiff=mean(diff))
# A tibble: 4 x 2
   time meandiff
  <int>    <dbl>
1     2        0
2     4        0
3     8        0
4    12        0

> test$deltaworks <- compare %>% summarise(deltaworks=mean(diff)) !=0

> #####################################################################
> # TEST CAUSAL ROUTINES (was Ian_test_causal.R)
> ########################### .... [TRUNCATED] 

> K1=0.9

> tweak=3

> # MODIFY ASTHMA DATA
> asthmamod=asthma

> asthmamod$fev = asthmamod$fev+tweak*(asthmamod$time==4)*(asthmamod$treat==3)

> library(tidyverse)

> # ggplot(data=asthma, aes(x=time,y=fev,group=id,colour=treat))+
> #   geom_line()
> 
> # causal, original data
> causal1 <- RefBasedMI(data=asthma,
 .... [TRUNCATED] 
   

Summary of missing data pattern by treat:

   pattern treat patients fev.2.miss fev.4.miss fev.8.miss fev.12.miss
1        0     3       28          0          0          0           0
2        7     3        1          1          1          1           0
3        8     3       11          0          0          0           1
4       12     3       16          0          0          1           1
5       14     3       12          0          1          1           1
6        0     2       51          0          0          0           0
7        8     2        6          0          0          0           1
8       12     2        6          0          0          1           1
9       14     2        2          0          1          1           1
10       0     1       29          0          0          0           0
11       4     1        1          0          0          1           0
12       8     1        6          0          0          0           1
13      12     1        8          0          0          1           1
14      13     1        1          1          0          1           1
15      14     1        5          0          1          1           1

Fitting multivariate normal model by treat:
 
treat = 1
performing mcmcNorm for m = 1 to 1
mcmcNorm Loop finished.

treat = 2
performing mcmcNorm for m = 1 to 1
mcmcNorm Loop finished.

treat = 3
performing mcmcNorm for m = 1 to 1
mcmcNorm Loop finished.


Number of original missing values = 147

Imputing interim missing values under MAR:

treat  =  1 pattern =  7 number patients =  1 
treat  =  3 pattern =  4 number patients =  1 

Number of post-discontinuation missing values = 142

Imputing post-discontinuation missing values under CAUSAL:

treat  =  3 pattern =  0 number patients =  29 
treat  =  3 pattern =  8 number patients =  11 
treat  =  3 pattern =  12 number patients =  16 
treat  =  3 pattern =  14 number patients =  12 
treat  =  2 pattern =  0 number patients =  51 
treat  =  2 pattern =  8 number patients =  6 
treat  =  2 pattern =  12 number patients =  6 
treat  =  2 pattern =  14 number patients =  2 
treat  =  1 pattern =  0 number patients =  30 
treat  =  1 pattern =  8 number patients =  6 
treat  =  1 pattern =  12 number patients =  9 
treat  =  1 pattern =  14 number patients =  5 


Number of final missing values = 0
> # causal, same K, modified data
> causal1mod <- RefBasedMI(data=asthmamod,
+                       covar=c("base"),
+                       depvar=f .... [TRUNCATED] 
   

Summary of missing data pattern by treat:

   pattern treat patients fev.2.miss fev.4.miss fev.8.miss fev.12.miss
1        0     3       28          0          0          0           0
2        7     3        1          1          1          1           0
3        8     3       11          0          0          0           1
4       12     3       16          0          0          1           1
5       14     3       12          0          1          1           1
6        0     2       51          0          0          0           0
7        8     2        6          0          0          0           1
8       12     2        6          0          0          1           1
9       14     2        2          0          1          1           1
10       0     1       29          0          0          0           0
11       4     1        1          0          0          1           0
12       8     1        6          0          0          0           1
13      12     1        8          0          0          1           1
14      13     1        1          1          0          1           1
15      14     1        5          0          1          1           1

Fitting multivariate normal model by treat:
 
treat = 1
performing mcmcNorm for m = 1 to 1
mcmcNorm Loop finished.

treat = 2
performing mcmcNorm for m = 1 to 1
mcmcNorm Loop finished.

treat = 3
performing mcmcNorm for m = 1 to 1
mcmcNorm Loop finished.


Number of original missing values = 147

Imputing interim missing values under MAR:

treat  =  1 pattern =  7 number patients =  1 
treat  =  3 pattern =  4 number patients =  1 

Number of post-discontinuation missing values = 142

Imputing post-discontinuation missing values under CAUSAL:

treat  =  3 pattern =  0 number patients =  29 
treat  =  3 pattern =  8 number patients =  11 
treat  =  3 pattern =  12 number patients =  16 
treat  =  3 pattern =  14 number patients =  12 
treat  =  2 pattern =  0 number patients =  51 
treat  =  2 pattern =  8 number patients =  6 
treat  =  2 pattern =  12 number patients =  6 
treat  =  2 pattern =  14 number patients =  2 
treat  =  1 pattern =  0 number patients =  30 
treat  =  1 pattern =  8 number patients =  6 
treat  =  1 pattern =  12 number patients =  9 
treat  =  1 pattern =  14 number patients =  5 


Number of final missing values = 0
> # monotone pattern OXXX: id=5017, treat=3
> asthma %>% filter(id==5017)
    id time treat base  fev base2
1 5017    2     3  2.1 1860  4.41
2 5017    4     3  2.1   NA  4.41
3 5017    8     3  2.1   NA  4.41
4 5017   12     3  2.1   NA  4.41

> # monotone pattern OOXX: id=5030, treat=3
> asthma %>% filter(id==5030)
    id time treat base  fev  base2
1 5030    2     3 1.14  850 1.2996
2 5030    4     3 1.14 1510 1.2996
3 5030    8     3 1.14   NA 1.2996
4 5030   12     3 1.14   NA 1.2996

> # monotone pattern OOOX: id=5074, treat=3
> asthma %>% filter(id==5074)
    id time treat base  fev  base2
1 5074    2     3 2.38 2180 5.6644
2 5074    4     3 2.38 2170 5.6644
3 5074    8     3 2.38 1410 5.6644
4 5074   12     3 2.38   NA 5.6644

> # non-monotone pattern XOXX: id=5051, treat=3
> asthma %>% filter(id==5051)
    id time treat base  fev  base2
1 5051    2     3 1.46   NA 2.1316
2 5051    4     3 1.46 1170 2.1316
3 5051    8     3 1.46   NA 2.1316
4 5051   12     3 1.46   NA 2.1316

> asthma %>% inner_join(asthmamod,by=c("id","time")) %>% filter(id==5030)
    id time treat.x base.x fev.x base2.x treat.y base.y fev.y base2.y
1 5030    2       3   1.14   850  1.2996       3   1.14   850  1.2996
2 5030    4       3   1.14  1510  1.2996       3   1.14  1513  1.2996
3 5030    8       3   1.14    NA  1.2996       3   1.14    NA  1.2996
4 5030   12       3   1.14    NA  1.2996       3   1.14    NA  1.2996

> compare <- causal1 %>% 
+   inner_join(causal1mod,by=c("id","time")) %>% 
+   inner_join(asthma,by=c("id","time")) %>% 
+   select(id,time,treat,fev .... [TRUNCATED] 

> compare$diff <- compare$fev.y-compare$fev.x

> err=c()

> # monotone pattern OXXX: id=5017, treat=3: unaffected by tweak
> err=rbind(err, sum(compare %>% filter(id==5017) %>% select(diff) - 0))

> # monotone pattern OOXX: id=5030, treat=3: fully affected by tweak
> err=rbind(err, sum(compare %>% filter(id==5030) %>% filter(time==2) %>% select( .... [TRUNCATED] 

> err=rbind(err, sum(compare %>% filter(id==5030) %>% filter(time==4) %>% select(diff) - tweak))

> err=rbind(err, sum(compare %>% filter(id==5030) %>% filter(time==8) %>% select(diff) - tweak*K0*K1^4))

> err=rbind(err, sum(compare %>% filter(id==5030) %>% filter(time==12) %>% select(diff) - tweak*K0*K1^8))

> # monotone pattern OOOX: id=5074, treat=3: imputed data unaffected by tweak since causal model relates to last obs time
> err=rbind(err, sum(compare .... [TRUNCATED] 

> err=rbind(err, sum(compare %>% filter(id==5074) %>% filter(time!=4) %>% select(diff) - 0))

> # non-monotone pattern XOXX: id=5051, treat=3: fully affected by tweak
> err=rbind(err, sum(compare %>% filter(id==5051) %>% filter(time==2) %>% sel .... [TRUNCATED] 

> err=rbind(err, sum(compare %>% filter(id==5051) %>% filter(time==4) %>% select(diff) - tweak))

> err=rbind(err, sum(compare %>% filter(id==5051) %>% filter(time==8) %>% select(diff) - tweak*K0*K1^4))

> err=rbind(err, sum(compare %>% filter(id==5051) %>% filter(time==12) %>% select(diff) - tweak*K0*K1^8))

> test$causal <- max(abs(err))>1E-12

> #####################################################################
> # END OF TESTS: NOW PRINT SUMMARY
> ######################################## .... [TRUNCATED] 
            [,1]
start       TRUE
J2R1eqMAR   TRUE
CR1eqMAR    TRUE
CIR1eqMAR   TRUE
J2R2eqMAR   TRUE
CR2eqMAR    TRUE
CIR2eqMAR   TRUE
nomiss      TRUE
sortorder  FALSE
diffseed    TRUE
interim     TRUE
deltaworks FALSE
causal      TRUE
Warning messages:
1: package ‘mice’ was built under R version 4.0.4 
2: package ‘ggplot2’ was built under R version 4.0.4 
3: package ‘tibble’ was built under R version 4.0.4 
4: package ‘tidyr’ was built under R version 4.0.4 
5: package ‘dplyr’ was built under R version 4.0.4 
6: Number of logged events: 1 
7: Number of logged events: 1 
> 